[0m   [1;30m€[0m      [1;30m≤‹[0m  [1;30;47m≤[0m
   [1;30m≤[0m       [1;30m≤€[0m
   [1;30m≤[0m ‹    [1;30mﬂ[0m [1;30mﬂ[47m≤±∞[0m‹‹‹€
   [1;30m±‹‹‹‹‹‹€[0mﬂ‹‹‹≤‹‹‹‹

          [1;30m_[0m
          [1;30m|[0m [1mB[0m [1mU[0m [1mL[0m [1mL[0m
          [1;30m`---------[0m

